[Parallel(n_jobs=6)]: Using backend LokyBackend with 6 concurrent workers.
[Parallel(n_jobs=6)]: Done   6 tasks      | elapsed:    2.7s
[Parallel(n_jobs=6)]: Done  84 tasks      | elapsed:    6.3s
[Parallel(n_jobs=6)]: Done 258 tasks      | elapsed:   14.3s
[Parallel(n_jobs=6)]: Done 425 tasks      | elapsed:   24.0s
[Parallel(n_jobs=6)]: Done 500 out of 500 | elapsed:   27.4s finished

Component weights (replication mean):
                type   weight       dd  contribution
    Earlier_vs_Later 0.072370 3.385738      0.245026
    Later_vs_Earlier 0.038678 4.038019      0.156182
Treated_vs_Untreated 0.222285 5.581061      1.240588

Headline:
    setting   N  reps     twfe  att_true  twfe_bias  weight_treated_vs_untreated  weight_earlier_vs_later  weight_already_treated
D_staggered 200   500 4.830127  5.299301  -0.469175                     0.666856                  0.21711                0.116034
[Parallel(n_jobs=6)]: Using backend LokyBackend with 6 concurrent workers.
[Parallel(n_jobs=6)]: Done   6 tasks      | elapsed:    2.3s
[Parallel(n_jobs=6)]: Done  66 tasks      | elapsed:    6.3s
[Parallel(n_jobs=6)]: Done 186 tasks      | elapsed:   12.4s
[Parallel(n_jobs=6)]: Done 360 tasks      | elapsed:   20.1s
[Parallel(n_jobs=6)]: Done 500 out of 500 | elapsed:   27.2s finished

Component weights (replication mean):
                type   weight       dd  contribution
    Earlier_vs_Later 0.072370 4.026301      0.291383
    Later_vs_Earlier 0.038678 5.872508      0.227136
Treated_vs_Untreated 0.222285 9.154311      2.034870

Headline:
        setting   N  reps     twfe  att_true  twfe_bias  weight_treated_vs_untreated  weight_earlier_vs_later  weight_already_treated
D_contamination 200   500 7.447857  8.431641  -0.983784                     0.666856                  0.21711                0.116034
[Parallel(n_jobs=6)]: Using backend LokyBackend with 6 concurrent workers.
[Parallel(n_jobs=6)]: Done   6 tasks      | elapsed:    2.0s
[Parallel(n_jobs=6)]: Done  60 tasks      | elapsed:    5.1s
[Parallel(n_jobs=6)]: Done 204 tasks      | elapsed:   12.0s
[Parallel(n_jobs=6)]: Done 300 out of 300 | elapsed:   16.4s finished
[Parallel(n_jobs=6)]: Using backend LokyBackend with 6 concurrent workers.
[Parallel(n_jobs=6)]: Done   6 tasks      | elapsed:    0.3s
[Parallel(n_jobs=6)]: Done  90 tasks      | elapsed:    3.9s
[Parallel(n_jobs=6)]: Done 180 tasks      | elapsed:    7.8s
[Parallel(n_jobs=6)]: Done 300 out of 300 | elapsed:   13.3s finished
[Parallel(n_jobs=6)]: Using backend LokyBackend with 6 concurrent workers.
[Parallel(n_jobs=6)]: Done   6 tasks      | elapsed:    0.3s
[Parallel(n_jobs=6)]: Done  60 tasks      | elapsed:    3.0s
[Parallel(n_jobs=6)]: Done 186 tasks      | elapsed:    9.3s
[Parallel(n_jobs=6)]: Done 300 out of 300 | elapsed:   13.2s finished
[Parallel(n_jobs=6)]: Using backend LokyBackend with 6 concurrent workers.
[Parallel(n_jobs=6)]: Done   6 tasks      | elapsed:    0.2s
[Parallel(n_jobs=6)]: Done 132 tasks      | elapsed:    3.7s
[Parallel(n_jobs=6)]: Done 300 out of 300 | elapsed:    8.4s finished
[Parallel(n_jobs=6)]: Using backend LokyBackend with 6 concurrent workers.
[Parallel(n_jobs=6)]: Done   6 tasks      | elapsed:    0.2s
[Parallel(n_jobs=6)]: Done 108 tasks      | elapsed:    3.0s
[Parallel(n_jobs=6)]: Done 300 out of 300 | elapsed:    8.2s finished
[Parallel(n_jobs=6)]: Using backend LokyBackend with 6 concurrent workers.
[Parallel(n_jobs=6)]: Done   6 tasks      | elapsed:    0.2s
[Parallel(n_jobs=6)]: Done 108 tasks      | elapsed:    2.7s
[Parallel(n_jobs=6)]: Done 234 tasks      | elapsed:    6.0s
[Parallel(n_jobs=6)]: Done 300 out of 300 | elapsed:    8.0s finished
ramp=0.0: TWFE bias=+0.112, already-treated weight=0.116
ramp=0.2: TWFE bias=-0.181, already-treated weight=0.116
ramp=0.4: TWFE bias=-0.474, already-treated weight=0.116
ramp=0.6: TWFE bias=-0.767, already-treated weight=0.116
ramp=0.8: TWFE bias=-1.060, already-treated weight=0.116
ramp=1.0: TWFE bias=-1.353, already-treated weight=0.116
Wrote /home/hugo_souto/Stuff/Research/DiD-BCF/DiD-BCF/Simulation_Studies_Revision/Results/goodman_bacon_ramp_sweep.csv
[Parallel(n_jobs=6)]: Using backend LokyBackend with 6 concurrent workers.
[Parallel(n_jobs=6)]: Done   6 tasks      | elapsed:    1.1s
[Parallel(n_jobs=6)]: Done  60 tasks      | elapsed:    2.7s
[Parallel(n_jobs=6)]: Done 150 tasks      | elapsed:    5.2s
[Parallel(n_jobs=6)]: Done 300 out of 300 | elapsed:    9.3s finished
[Parallel(n_jobs=6)]: Using backend LokyBackend with 6 concurrent workers.
[Parallel(n_jobs=6)]: Done   6 tasks      | elapsed:    0.2s
[Parallel(n_jobs=6)]: Done 132 tasks      | elapsed:    3.8s
[Parallel(n_jobs=6)]: Done 300 out of 300 | elapsed:    8.7s finished
[Parallel(n_jobs=6)]: Using backend LokyBackend with 6 concurrent workers.
[Parallel(n_jobs=6)]: Done   6 tasks      | elapsed:    0.2s
[Parallel(n_jobs=6)]: Done  96 tasks      | elapsed:    2.6s
[Parallel(n_jobs=6)]: Done 186 tasks      | elapsed:    5.1s
[Parallel(n_jobs=6)]: Done 300 out of 300 | elapsed:    8.1s finished
[Parallel(n_jobs=6)]: Using backend LokyBackend with 6 concurrent workers.
[Parallel(n_jobs=6)]: Done   6 tasks      | elapsed:    0.2s
[Parallel(n_jobs=6)]: Done 108 tasks      | elapsed:    2.9s
[Parallel(n_jobs=6)]: Done 252 tasks      | elapsed:    6.3s
[Parallel(n_jobs=6)]: Done 300 out of 300 | elapsed:    7.6s finished
[Parallel(n_jobs=6)]: Using backend LokyBackend with 6 concurrent workers.
[Parallel(n_jobs=6)]: Done   6 tasks      | elapsed:    0.2s
[Parallel(n_jobs=6)]: Done  84 tasks      | elapsed:    2.1s
[Parallel(n_jobs=6)]: Done 174 tasks      | elapsed:    4.3s
[Parallel(n_jobs=6)]: Done 300 out of 300 | elapsed:   26.8s finished
[Parallel(n_jobs=6)]: Using backend LokyBackend with 6 concurrent workers.
[Parallel(n_jobs=6)]: Done   6 tasks      | elapsed:    0.2s
[Parallel(n_jobs=6)]: Done 108 tasks      | elapsed:    3.0s
[Parallel(n_jobs=6)]: Done 300 out of 300 | elapsed:    8.5s finished
ramp=0.0: TWFE bias=+0.237, already-treated weight=0.116
ramp=0.2: TWFE bias=-0.069, already-treated weight=0.116
ramp=0.4: TWFE bias=-0.375, already-treated weight=0.116
ramp=0.6: TWFE bias=-0.681, already-treated weight=0.116
ramp=0.8: TWFE bias=-0.987, already-treated weight=0.116
ramp=1.0: TWFE bias=-1.293, already-treated weight=0.116
Wrote /home/hugo_souto/Stuff/Research/DiD-BCF/DiD-BCF/Simulation_Studies_Revision/Results/goodman_bacon_ramp_sweep.csv
GB_ALL_DONE
