[Parallel(n_jobs=8)]: Using backend LokyBackend with 8 concurrent workers.
[twfe:B1_baseline_lin_1] canonical DGP | N=(200,) | reps=100 | 100 fits | jobs=8
[Parallel(n_jobs=8)]: Done   2 tasks      | elapsed:    1.2s
[Parallel(n_jobs=8)]: Done  56 tasks      | elapsed:    2.0s
[Parallel(n_jobs=8)]: Done 100 out of 100 | elapsed:    2.5s finished
[Parallel(n_jobs=8)]: Using backend LokyBackend with 8 concurrent workers.
[Parallel(n_jobs=8)]: Done   2 tasks      | elapsed:    0.1s
[Parallel(n_jobs=8)]: Done 100 out of 100 | elapsed:    1.3s finished
[Parallel(n_jobs=8)]: Using backend LokyBackend with 8 concurrent workers.
[Parallel(n_jobs=8)]: Done   2 tasks      | elapsed:    0.1s
[Parallel(n_jobs=8)]: Done 100 out of 100 | elapsed:    1.3s finished
[Parallel(n_jobs=8)]: Using backend LokyBackend with 8 concurrent workers.
[Parallel(n_jobs=8)]: Done   2 tasks      | elapsed:    0.1s
[Parallel(n_jobs=8)]: Done 100 out of 100 | elapsed:    1.3s finished
[Parallel(n_jobs=8)]: Using backend LokyBackend with 8 concurrent workers.
[Parallel(n_jobs=8)]: Done   2 tasks      | elapsed:    0.1s
[Parallel(n_jobs=8)]: Done 100 out of 100 | elapsed:    1.2s finished
[Parallel(n_jobs=8)]: Using backend LokyBackend with 8 concurrent workers.
[Parallel(n_jobs=8)]: Done   2 tasks      | elapsed:    0.1s
[Parallel(n_jobs=8)]: Done 100 out of 100 | elapsed:    1.3s finished
[Parallel(n_jobs=8)]: Using backend LokyBackend with 8 concurrent workers.
[Parallel(n_jobs=8)]: Done   2 tasks      | elapsed:    0.1s
[Parallel(n_jobs=8)]: Done 100 out of 100 | elapsed:    1.3s finished
[Parallel(n_jobs=8)]: Using backend LokyBackend with 8 concurrent workers.
[Parallel(n_jobs=8)]: Done   2 tasks      | elapsed:    0.1s
[Parallel(n_jobs=8)]: Done 100 out of 100 | elapsed:    1.4s finished
[Parallel(n_jobs=8)]: Using backend LokyBackend with 8 concurrent workers.
[Parallel(n_jobs=8)]: Done   2 tasks      | elapsed:    0.1s
[Parallel(n_jobs=8)]: Done 100 out of 100 | elapsed:    1.4s finished
[Parallel(n_jobs=8)]: Using backend LokyBackend with 8 concurrent workers.
[Parallel(n_jobs=8)]: Done   2 tasks      | elapsed:    0.1s
[Parallel(n_jobs=8)]: Done  80 tasks      | elapsed:    0.9s
[Parallel(n_jobs=8)]: Done 100 out of 100 | elapsed:    1.1s finished
[Parallel(n_jobs=8)]: Using backend LokyBackend with 8 concurrent workers.
[Parallel(n_jobs=8)]: Done   2 tasks      | elapsed:    0.1s
[Parallel(n_jobs=8)]: Done 100 out of 100 | elapsed:    1.2s finished
[Parallel(n_jobs=8)]: Using backend LokyBackend with 8 concurrent workers.
[Parallel(n_jobs=8)]: Done   2 tasks      | elapsed:    0.1s
[Parallel(n_jobs=8)]: Done 100 out of 100 | elapsed:    1.9s finished
[Parallel(n_jobs=8)]: Using backend LokyBackend with 8 concurrent workers.
[Parallel(n_jobs=8)]: Done   2 tasks      | elapsed:    0.1s
[Parallel(n_jobs=8)]: Done  88 tasks      | elapsed:    1.7s
[Parallel(n_jobs=8)]: Done 178 tasks      | elapsed:    3.2s
[Parallel(n_jobs=8)]: Done 200 out of 200 | elapsed:    3.6s finished
[Parallel(n_jobs=8)]: Using backend LokyBackend with 8 concurrent workers.
[Parallel(n_jobs=8)]: Done   2 tasks      | elapsed:    0.1s
[Parallel(n_jobs=8)]: Done  96 tasks      | elapsed:    1.8s
[Parallel(n_jobs=8)]: Done 200 out of 200 | elapsed:    3.6s finished
[Parallel(n_jobs=8)]: Using backend LokyBackend with 8 concurrent workers.
[Parallel(n_jobs=8)]: Done   2 tasks      | elapsed:    0.1s
[Parallel(n_jobs=8)]: Done  96 tasks      | elapsed:    2.0s
[Parallel(n_jobs=8)]: Done 185 out of 200 | elapsed:    4.5s remaining:    0.4s
[Parallel(n_jobs=8)]: Done 200 out of 200 | elapsed:    4.8s finished
[Parallel(n_jobs=8)]: Using backend LokyBackend with 8 concurrent workers.
[Parallel(n_jobs=8)]: Done   2 tasks      | elapsed:    0.3s
[Parallel(n_jobs=8)]: Done  56 tasks      | elapsed:    2.1s
[Parallel(n_jobs=8)]: Done 146 tasks      | elapsed:    4.0s
[Parallel(n_jobs=8)]: Done 344 tasks      | elapsed:   12.0s
[Parallel(n_jobs=8)]: Done 400 out of 400 | elapsed:   19.2s finished
[Parallel(n_jobs=8)]: Using backend LokyBackend with 8 concurrent workers.
[Parallel(n_jobs=8)]: Done   2 tasks      | elapsed:    0.2s
[Parallel(n_jobs=8)]: Done  96 tasks      | elapsed:    2.4s
[Parallel(n_jobs=8)]: Done 242 tasks      | elapsed:    6.4s
[Parallel(n_jobs=8)]: Done 368 tasks      | elapsed:   15.5s
[Parallel(n_jobs=8)]: Done 400 out of 400 | elapsed:   18.2s finished
[Parallel(n_jobs=8)]: Using backend LokyBackend with 8 concurrent workers.
[Parallel(n_jobs=8)]: Done   2 tasks      | elapsed:    0.2s
[Parallel(n_jobs=8)]: Done  72 tasks      | elapsed:    1.9s
[Parallel(n_jobs=8)]: Done 233 tasks      | elapsed:    7.4s
[Parallel(n_jobs=8)]: Done 360 tasks      | elapsed:   16.6s
[Parallel(n_jobs=8)]: Done 400 out of 400 | elapsed:   20.1s finished
[Parallel(n_jobs=8)]: Using backend LokyBackend with 8 concurrent workers.
[Parallel(n_jobs=8)]: Done   2 tasks      | elapsed:    0.1s
[Parallel(n_jobs=8)]: Done  96 tasks      | elapsed:    2.7s
[Parallel(n_jobs=8)]: Done 290 tasks      | elapsed:    9.4s
[Parallel(n_jobs=8)]: Done 400 out of 400 | elapsed:   18.6s finished
[Parallel(n_jobs=8)]: Using backend LokyBackend with 8 concurrent workers.
[Parallel(n_jobs=8)]: Done   2 tasks      | elapsed:    0.2s
[Parallel(n_jobs=8)]: Done  95 tasks      | elapsed:    2.0s
[Parallel(n_jobs=8)]: Done 236 tasks      | elapsed:    6.6s
[Parallel(n_jobs=8)]: Done 376 tasks      | elapsed:   16.3s
[Parallel(n_jobs=8)]: Done 400 out of 400 | elapsed:   18.5s finished
[Parallel(n_jobs=8)]: Using backend LokyBackend with 8 concurrent workers.
[Parallel(n_jobs=8)]: Done   2 tasks      | elapsed:    0.2s
[Parallel(n_jobs=8)]: Done  96 tasks      | elapsed:    2.0s
[Parallel(n_jobs=8)]: Done 244 tasks      | elapsed:    6.1s
[Parallel(n_jobs=8)]: Done 400 out of 400 | elapsed:   16.7s finished
[Parallel(n_jobs=8)]: Using backend LokyBackend with 8 concurrent workers.
[Parallel(n_jobs=8)]: Done   2 tasks      | elapsed:    0.2s
[Parallel(n_jobs=8)]: Done  80 tasks      | elapsed:    1.9s
[Parallel(n_jobs=8)]: Done 100 out of 100 | elapsed:    2.2s finished
[Parallel(n_jobs=8)]: Using backend LokyBackend with 8 concurrent workers.
[Parallel(n_jobs=8)]: Done   2 tasks      | elapsed:    0.2s
[Parallel(n_jobs=8)]: Done 100 out of 100 | elapsed:    2.3s finished
[Parallel(n_jobs=8)]: Using backend LokyBackend with 8 concurrent workers.
[Parallel(n_jobs=8)]: Done   2 tasks      | elapsed:    0.1s
[Parallel(n_jobs=8)]: Done  85 out of 100 | elapsed:    2.0s remaining:    0.4s
[Parallel(n_jobs=8)]: Done 100 out of 100 | elapsed:    2.3s finished
[Parallel(n_jobs=8)]: Using backend LokyBackend with 8 concurrent workers.
[Parallel(n_jobs=8)]: Done   2 tasks      | elapsed:    0.2s
[Parallel(n_jobs=8)]: Done 100 out of 100 | elapsed:    2.1s finished
[Parallel(n_jobs=8)]: Using backend LokyBackend with 8 concurrent workers.
[Parallel(n_jobs=8)]: Done   2 tasks      | elapsed:    0.1s
[Parallel(n_jobs=8)]: Done 100 out of 100 | elapsed:    2.3s finished
[Parallel(n_jobs=8)]: Using backend LokyBackend with 8 concurrent workers.
[Parallel(n_jobs=8)]: Done   2 tasks      | elapsed:    0.2s
[Parallel(n_jobs=8)]: Done 100 out of 100 | elapsed:    1.9s finished
[twfe:B1_baseline_lin_1] wrote 600 rows -> /home/hugo_souto/Stuff/Research/DiD-BCF/DiD-BCF/Simulation_Studies_Revision/Results/summaries_twfe_B1_baseline_lin_1.csv
[twfe:B1_baseline_lin_2] canonical DGP | N=(200,) | reps=100 | 100 fits | jobs=8
[twfe:B1_baseline_lin_2] wrote 600 rows -> /home/hugo_souto/Stuff/Research/DiD-BCF/DiD-BCF/Simulation_Studies_Revision/Results/summaries_twfe_B1_baseline_lin_2.csv
[twfe:B1_baseline_lin_3] canonical DGP | N=(200,) | reps=100 | 100 fits | jobs=8
[twfe:B1_baseline_lin_3] wrote 600 rows -> /home/hugo_souto/Stuff/Research/DiD-BCF/DiD-BCF/Simulation_Studies_Revision/Results/summaries_twfe_B1_baseline_lin_3.csv
[twfe:B1_strong_confounder_lin_1] canonical DGP | N=(200,) | reps=100 | 100 fits | jobs=8
[twfe:B1_strong_confounder_lin_1] wrote 600 rows -> /home/hugo_souto/Stuff/Research/DiD-BCF/DiD-BCF/Simulation_Studies_Revision/Results/summaries_twfe_B1_strong_confounder_lin_1.csv
[twfe:B1_strong_confounder_lin_2] canonical DGP | N=(200,) | reps=100 | 100 fits | jobs=8
[twfe:B1_strong_confounder_lin_2] wrote 600 rows -> /home/hugo_souto/Stuff/Research/DiD-BCF/DiD-BCF/Simulation_Studies_Revision/Results/summaries_twfe_B1_strong_confounder_lin_2.csv
[twfe:B1_strong_confounder_lin_3] canonical DGP | N=(200,) | reps=100 | 100 fits | jobs=8
[twfe:B1_strong_confounder_lin_3] wrote 600 rows -> /home/hugo_souto/Stuff/Research/DiD-BCF/DiD-BCF/Simulation_Studies_Revision/Results/summaries_twfe_B1_strong_confounder_lin_3.csv
[twfe:B1_serial_corr_lin_1] canonical DGP | N=(200,) | reps=100 | 100 fits | jobs=8
[twfe:B1_serial_corr_lin_1] wrote 600 rows -> /home/hugo_souto/Stuff/Research/DiD-BCF/DiD-BCF/Simulation_Studies_Revision/Results/summaries_twfe_B1_serial_corr_lin_1.csv
[twfe:B1_serial_corr_lin_2] canonical DGP | N=(200,) | reps=100 | 100 fits | jobs=8
[twfe:B1_serial_corr_lin_2] wrote 600 rows -> /home/hugo_souto/Stuff/Research/DiD-BCF/DiD-BCF/Simulation_Studies_Revision/Results/summaries_twfe_B1_serial_corr_lin_2.csv
[twfe:B1_serial_corr_lin_3] canonical DGP | N=(200,) | reps=100 | 100 fits | jobs=8
[twfe:B1_serial_corr_lin_3] wrote 600 rows -> /home/hugo_souto/Stuff/Research/DiD-BCF/DiD-BCF/Simulation_Studies_Revision/Results/summaries_twfe_B1_serial_corr_lin_3.csv
[twfe:B1_selection_obs_lin_1] canonical DGP | N=(200,) | reps=100 | 100 fits | jobs=8
[twfe:B1_selection_obs_lin_1] wrote 600 rows -> /home/hugo_souto/Stuff/Research/DiD-BCF/DiD-BCF/Simulation_Studies_Revision/Results/summaries_twfe_B1_selection_obs_lin_1.csv
[twfe:B1_selection_obs_lin_2] canonical DGP | N=(200,) | reps=100 | 100 fits | jobs=8
[twfe:B1_selection_obs_lin_2] wrote 600 rows -> /home/hugo_souto/Stuff/Research/DiD-BCF/DiD-BCF/Simulation_Studies_Revision/Results/summaries_twfe_B1_selection_obs_lin_2.csv
[twfe:B1_selection_obs_lin_3] canonical DGP | N=(200,) | reps=100 | 100 fits | jobs=8
[twfe:B1_selection_obs_lin_3] wrote 600 rows -> /home/hugo_souto/Stuff/Research/DiD-BCF/DiD-BCF/Simulation_Studies_Revision/Results/summaries_twfe_B1_selection_obs_lin_3.csv
[twfe:B1_null_lin_1] canonical DGP | N=(200,) | reps=200 | 200 fits | jobs=8
[twfe:B1_null_lin_1] wrote 1200 rows -> /home/hugo_souto/Stuff/Research/DiD-BCF/DiD-BCF/Simulation_Studies_Revision/Results/summaries_twfe_B1_null_lin_1.csv
[twfe:B1_null_lin_2] canonical DGP | N=(200,) | reps=200 | 200 fits | jobs=8
[twfe:B1_null_lin_2] wrote 1200 rows -> /home/hugo_souto/Stuff/Research/DiD-BCF/DiD-BCF/Simulation_Studies_Revision/Results/summaries_twfe_B1_null_lin_2.csv
[twfe:B1_null_lin_3] canonical DGP | N=(200,) | reps=200 | 200 fits | jobs=8
[twfe:B1_null_lin_3] wrote 1200 rows -> /home/hugo_souto/Stuff/Research/DiD-BCF/DiD-BCF/Simulation_Studies_Revision/Results/summaries_twfe_B1_null_lin_3.csv
[twfe:B2_sweep_lin_1] canonical DGP | N=(200, 400, 800, 1600) | reps=100 | 400 fits | jobs=8
[twfe:B2_sweep_lin_1] wrote 2400 rows -> /home/hugo_souto/Stuff/Research/DiD-BCF/DiD-BCF/Simulation_Studies_Revision/Results/summaries_twfe_B2_sweep_lin_1.csv
[twfe:B2_sweep_lin_2] canonical DGP | N=(200, 400, 800, 1600) | reps=100 | 400 fits | jobs=8
[twfe:B2_sweep_lin_2] wrote 2400 rows -> /home/hugo_souto/Stuff/Research/DiD-BCF/DiD-BCF/Simulation_Studies_Revision/Results/summaries_twfe_B2_sweep_lin_2.csv
[twfe:B2_sweep_lin_3] canonical DGP | N=(200, 400, 800, 1600) | reps=100 | 400 fits | jobs=8
[twfe:B2_sweep_lin_3] wrote 2400 rows -> /home/hugo_souto/Stuff/Research/DiD-BCF/DiD-BCF/Simulation_Studies_Revision/Results/summaries_twfe_B2_sweep_lin_3.csv
[twfe:B2_sweep_serial_lin_1] canonical DGP | N=(200, 400, 800, 1600) | reps=100 | 400 fits | jobs=8
[twfe:B2_sweep_serial_lin_1] wrote 2400 rows -> /home/hugo_souto/Stuff/Research/DiD-BCF/DiD-BCF/Simulation_Studies_Revision/Results/summaries_twfe_B2_sweep_serial_lin_1.csv
[twfe:B2_sweep_serial_lin_2] canonical DGP | N=(200, 400, 800, 1600) | reps=100 | 400 fits | jobs=8
[twfe:B2_sweep_serial_lin_2] wrote 2400 rows -> /home/hugo_souto/Stuff/Research/DiD-BCF/DiD-BCF/Simulation_Studies_Revision/Results/summaries_twfe_B2_sweep_serial_lin_2.csv
[twfe:B2_sweep_serial_lin_3] canonical DGP | N=(200, 400, 800, 1600) | reps=100 | 400 fits | jobs=8
[twfe:B2_sweep_serial_lin_3] wrote 2400 rows -> /home/hugo_souto/Stuff/Research/DiD-BCF/DiD-BCF/Simulation_Studies_Revision/Results/summaries_twfe_B2_sweep_serial_lin_3.csv
[twfe:D_staggered_lin_1] staggered DGP | N=(200,) | reps=100 | 100 fits | jobs=8
[twfe:D_staggered_lin_1] wrote 600 rows -> /home/hugo_souto/Stuff/Research/DiD-BCF/DiD-BCF/Simulation_Studies_Revision/Results/summaries_twfe_D_staggered_lin_1.csv
[twfe:D_staggered_lin_2] staggered DGP | N=(200,) | reps=100 | 100 fits | jobs=8
[twfe:D_staggered_lin_2] wrote 600 rows -> /home/hugo_souto/Stuff/Research/DiD-BCF/DiD-BCF/Simulation_Studies_Revision/Results/summaries_twfe_D_staggered_lin_2.csv
[twfe:D_staggered_lin_3] staggered DGP | N=(200,) | reps=100 | 100 fits | jobs=8
[twfe:D_staggered_lin_3] wrote 600 rows -> /home/hugo_souto/Stuff/Research/DiD-BCF/DiD-BCF/Simulation_Studies_Revision/Results/summaries_twfe_D_staggered_lin_3.csv
[twfe:D_contamination_lin_1] staggered DGP | N=(200,) | reps=100 | 100 fits | jobs=8
[twfe:D_contamination_lin_1] wrote 600 rows -> /home/hugo_souto/Stuff/Research/DiD-BCF/DiD-BCF/Simulation_Studies_Revision/Results/summaries_twfe_D_contamination_lin_1.csv
[twfe:D_contamination_lin_2] staggered DGP | N=(200,) | reps=100 | 100 fits | jobs=8
[twfe:D_contamination_lin_2] wrote 600 rows -> /home/hugo_souto/Stuff/Research/DiD-BCF/DiD-BCF/Simulation_Studies_Revision/Results/summaries_twfe_D_contamination_lin_2.csv
[twfe:D_contamination_lin_3] staggered DGP | N=(200,) | reps=100 | 100 fits | jobs=8
[twfe:D_contamination_lin_3] wrote 600 rows -> /home/hugo_souto/Stuff/Research/DiD-BCF/DiD-BCF/Simulation_Studies_Revision/Results/summaries_twfe_D_contamination_lin_3.csv
